// Jest Snapshot v1, https://goo.gl/fbAQLP

exports[` 1`] = `
<div>
  <main
    role="main"
  >
    <header>
      <MainHeader />
      <h2>
        Edit Account
      </h2>
    </header>
    <section>
      <BudgetBuddyForm
        onSubmit={[Function]}
      >
        <div
          className="field"
        >
          <label
            htmlFor="first-name"
          >
            Change First name
          </label>
          <input
            id="first-name"
            name="first-name"
            onChange={[Function]}
            placeholder="First Name"
            type="text"
          />
        </div>
        <div
          className="field"
        >
          <label
            htmlFor="last-name"
          >
            Change Last name
          </label>
          <input
            id="last-name"
            name="last-name"
            onChange={[Function]}
            placeholder="Last Name"
            type="text"
          />
        </div>
        <button
          disabled={true}
          type="submit"
        >
          Update
        </button>
        <Link
          to="/delete_account"
        >
          <button>
            Delete Account
          </button>
        </Link>
      </BudgetBuddyForm>
    </section>
  </main>
</div>
`;
