// Jest Snapshot v1, https://goo.gl/fbAQLP

exports[`NotFoundPage snapshot test renders the UI as expected 1`] = `
<div>
  <MainHeader />
  <section>
    <header>
      <h3>
        Sorry! Page Not Found.
      </h3>
    </header>
  </section>
</div>
`;
