// Jest Snapshot v1, https://goo.gl/fbAQLP

exports[`SignupButton snapshot test renders the UI as expected 1`] = `
<Link
  to="/signup"
>
  Sign Up
</Link>
`;
