// Jest Snapshot v1, https://goo.gl/fbAQLP

exports[`LoginButton snapshot test renders the UI as expected 1`] = `
<Link
  to="/login"
>
  Log In
</Link>
`;
